Processes: 249 total, 2 running, 10 stuck, 237 sleeping, 1279 threads
2016/08/04 00:24:56
Load Avg: 1.57, 1.59, 1.69
CPU usage: 2.94% user, 10.29% sys, 86.76% idle
SharedLibs: 19M resident, 18M data, 0B linkedit.
MemRegions: 56377 total, 4694M resident, 92M private, 2635M shared.
PhysMem: 13G used (1470M wired), 2563M unused.
VM: 642G vsize, 1069M framework vsize, 289990(0) swapins, 307704(0) swapouts.
Networks: packets: 318158/104M in, 288487/38M out.
Disks: 359731/9726M read, 358470/15G written.
